Exception during weak pointer finalization (ignored): GHC.IO.FD.fdWrite: resource exhausted (No space left on device)
