Exception during weak pointer finalization (ignored): <stdout>: hFlush: resource exhausted (No space left on device)
